====================================================================================================
    |    |
    |    |
    |    |
Multilingual Tokenization and Language Modeling
    |    |
    |    |
    |    |
====================================================================================================
    |    |
    |    |
Part 1. Tokenizers
    |    |
    |    |
~Running tokenizer.py script...
====================================================================================================
[2026-10-05 11:23:53.981920] Training Character-Level Tokenizer...
Building character-level vocabulary:   0%|          | 0/142345 [00:00<?, ?it/s]Building character-level vocabulary:  10%|▉         | 13803/142345 [00:00<00:00, 138017.30it/s]Building character-level vocabulary:  19%|█▉        | 27658/142345 [00:00<00:00, 138314.62it/s]Building character-level vocabulary:  29%|██▉       | 41490/142345 [00:00<00:00, 132028.24it/s]Building character-level vocabulary:  38%|███▊      | 54726/142345 [00:00<00:00, 120931.05it/s]Building character-level vocabulary:  47%|████▋     | 66944/142345 [00:00<00:00, 116390.74it/s]Building character-level vocabulary:  57%|█████▋    | 80986/142345 [00:00<00:00, 123932.88it/s]Building character-level vocabulary:  66%|██████▌   | 94020/142345 [00:00<00:00, 125914.58it/s]Building character-level vocabulary:  75%|███████▌  | 107211/142345 [00:00<00:00, 127752.41it/s]Building character-level vocabulary:  85%|████████▍ | 120344/142345 [00:00<00:00, 128840.96it/s]Building character-level vocabulary:  94%|█████████▍| 133702/142345 [00:01<00:00, 130273.06it/s]Building character-level vocabulary: 100%|██████████| 142345/142345 [00:01<00:00, 127853.38it/s]

[2026-10-05 11:23:55.292027] Success!! Analysis of Character-Level tokenizer on the validation split:
Vocabulary size:  9446
{'en': {'chars/tok': '1.00', 'tok/sent': '81.12', 'tokens': 368269, 'unk_percent': '0.013%'},
 'tr': {'chars/tok': '1.00', 'tok/sent': '98.63', 'tokens': 368383, 'unk_percent': '0.004%'},
 'zh': {'chars/tok': '1.00', 'tok/sent': '38.55', 'tokens': 368266, 'unk_percent': '0.070%'}}
====================================================================================================
====================================================================================================
[2026-10-05 11:23:55.292539] Training ByteLevelBPE_2000 Tokenizer...




[2026-10-05 11:24:07.656129] Success!! Analysis of ByteLevelBPE_2000 tokenizer on the validation split:
Vocabulary size:  2000
{'en': {'chars/tok': '2.25', 'tok/sent': '36.08', 'tokens': 163815, 'unk_percent': '0.000%'},
 'tr': {'chars/tok': '2.18', 'tok/sent': '45.20', 'tokens': 168838, 'unk_percent': '0.000%'},
 'zh': {'chars/tok': '0.90', 'tok/sent': '42.96', 'tokens': 410474, 'unk_percent': '0.000%'}}
====================================================================================================
====================================================================================================
[2026-10-05 11:24:07.656524] Training ByteLevelBPE_4000 Tokenizer...




[2026-10-05 11:24:22.004950] Success!! Analysis of ByteLevelBPE_4000 tokenizer on the validation split:
Vocabulary size:  4000
{'en': {'chars/tok': '2.64', 'tok/sent': '30.77', 'tokens': 139711, 'unk_percent': '0.000%'},
 'tr': {'chars/tok': '2.61', 'tok/sent': '37.77', 'tokens': 141074, 'unk_percent': '0.000%'},
 'zh': {'chars/tok': '1.05', 'tok/sent': '36.56', 'tokens': 349290, 'unk_percent': '0.000%'}}
====================================================================================================
====================================================================================================
[2026-10-05 11:24:22.005316] Training ByteLevelBPE_6000 Tokenizer...




[2026-10-05 11:24:37.568760] Success!! Analysis of ByteLevelBPE_6000 tokenizer on the validation split:
Vocabulary size:  6000
{'en': {'chars/tok': '2.89', 'tok/sent': '28.08', 'tokens': 127472, 'unk_percent': '0.000%'},
 'tr': {'chars/tok': '2.88', 'tok/sent': '34.23', 'tokens': 127840, 'unk_percent': '0.000%'},
 'zh': {'chars/tok': '1.14', 'tok/sent': '33.74', 'tokens': 322375, 'unk_percent': '0.000%'}}
====================================================================================================
====================================================================================================
[2026-10-05 11:24:37.569022] Training ByteLevelBPE_8000 Tokenizer...




[2026-10-05 11:24:53.499353] Success!! Analysis of ByteLevelBPE_8000 tokenizer on the validation split:
Vocabulary size:  8000
{'en': {'chars/tok': '3.06', 'tok/sent': '26.47', 'tokens': 120177, 'unk_percent': '0.000%'},
 'tr': {'chars/tok': '3.07', 'tok/sent': '32.09', 'tokens': 119872, 'unk_percent': '0.000%'},
 'zh': {'chars/tok': '1.20', 'tok/sent': '32.00', 'tokens': 305724, 'unk_percent': '0.000%'}}
====================================================================================================
====================================================================================================
[2026-10-05 11:24:53.499727] Training ByteLevelBPE_10000 Tokenizer...




[2026-10-05 11:25:09.970190] Success!! Analysis of ByteLevelBPE_10000 tokenizer on the validation split:
Vocabulary size:  10000
{'en': {'chars/tok': '3.21', 'tok/sent': '25.27', 'tokens': 114717, 'unk_percent': '0.000%'},
 'tr': {'chars/tok': '3.22', 'tok/sent': '30.60', 'tokens': 114292, 'unk_percent': '0.000%'},
 'zh': {'chars/tok': '1.25', 'tok/sent': '30.84', 'tokens': 294671, 'unk_percent': '0.000%'}}
====================================================================================================
====================================================================================================
[2026-10-05 11:25:09.970402] Training ByteLevelBPE_12000 Tokenizer...




[2026-10-05 11:25:26.617667] Success!! Analysis of ByteLevelBPE_12000 tokenizer on the validation split:
Vocabulary size:  12000
{'en': {'chars/tok': '3.32', 'tok/sent': '24.45', 'tokens': 110993, 'unk_percent': '0.000%'},
 'tr': {'chars/tok': '3.35', 'tok/sent': '29.41', 'tokens': 109858, 'unk_percent': '0.000%'},
 'zh': {'chars/tok': '1.29', 'tok/sent': '29.91', 'tokens': 285757, 'unk_percent': '0.000%'}}
====================================================================================================
====================================================================================================
[2026-10-05 11:25:26.617880] Training ByteLevelBPE_14000 Tokenizer...




[2026-10-05 11:25:44.056223] Success!! Analysis of ByteLevelBPE_14000 tokenizer on the validation split:
Vocabulary size:  14000
{'en': {'chars/tok': '3.41', 'tok/sent': '23.78', 'tokens': 107963, 'unk_percent': '0.000%'},
 'tr': {'chars/tok': '3.46', 'tok/sent': '28.47', 'tokens': 106345, 'unk_percent': '0.000%'},
 'zh': {'chars/tok': '1.32', 'tok/sent': '29.20', 'tokens': 278934, 'unk_percent': '0.000%'}}
====================================================================================================
====================================================================================================
[2026-10-05 11:25:44.056438] Training ByteLevelBPE_16000 Tokenizer...




[2026-10-05 11:26:01.777162] Success!! Analysis of ByteLevelBPE_16000 tokenizer on the validation split:
Vocabulary size:  16000
{'en': {'chars/tok': '3.50', 'tok/sent': '23.20', 'tokens': 105333, 'unk_percent': '0.000%'},
 'tr': {'chars/tok': '3.56', 'tok/sent': '27.71', 'tokens': 103489, 'unk_percent': '0.000%'},
 'zh': {'chars/tok': '1.35', 'tok/sent': '28.62', 'tokens': 273469, 'unk_percent': '0.000%'}}
====================================================================================================
====================================================================================================
[2026-10-05 11:26:01.777379] Training ByteLevelBPE_18000 Tokenizer...




[2026-10-05 11:26:20.161667] Success!! Analysis of ByteLevelBPE_18000 tokenizer on the validation split:
Vocabulary size:  18000
{'en': {'chars/tok': '3.57', 'tok/sent': '22.74', 'tokens': 103232, 'unk_percent': '0.000%'},
 'tr': {'chars/tok': '3.64', 'tok/sent': '27.10', 'tokens': 101208, 'unk_percent': '0.000%'},
 'zh': {'chars/tok': '1.37', 'tok/sent': '28.14', 'tokens': 268817, 'unk_percent': '0.000%'}}
====================================================================================================
====================================================================================================
[2026-10-05 11:26:20.161891] Training ByteLevelBPE_20000 Tokenizer...




[2026-10-05 11:26:39.007070] Success!! Analysis of ByteLevelBPE_20000 tokenizer on the validation split:
Vocabulary size:  20000
{'en': {'chars/tok': '3.63', 'tok/sent': '22.37', 'tokens': 101571, 'unk_percent': '0.000%'},
 'tr': {'chars/tok': '3.71', 'tok/sent': '26.58', 'tokens': 99292, 'unk_percent': '0.000%'},
 'zh': {'chars/tok': '1.39', 'tok/sent': '27.70', 'tokens': 264679, 'unk_percent': '0.000%'}}
====================================================================================================
====================================================================================================
[2026-10-05 11:26:39.007431] Training CharLevelBPE_2000 Tokenizer...




[2026-10-05 11:26:43.239779] Success!! Analysis of CharLevelBPE_2000 tokenizer on the validation split:
Vocabulary size:  2000
{'en': {'chars/tok': '0.99', 'tok/sent': '82.12', 'tokens': 372809, 'unk_percent': '0.048%'},
 'tr': {'chars/tok': '0.99', 'tok/sent': '99.63', 'tokens': 372118, 'unk_percent': '0.063%'},
 'zh': {'chars/tok': '0.97', 'tok/sent': '39.55', 'tokens': 377820, 'unk_percent': '4.851%'}}
====================================================================================================
====================================================================================================
[2026-10-05 11:26:43.240027] Training CharLevelBPE_10000 Tokenizer...




[2026-10-05 11:26:49.869777] Success!! Analysis of CharLevelBPE_10000 tokenizer on the validation split:
Vocabulary size:  10000
{'en': {'chars/tok': '2.11', 'tok/sent': '38.50', 'tokens': 174776, 'unk_percent': '0.028%'},
 'tr': {'chars/tok': '2.01', 'tok/sent': '49.03', 'tokens': 183145, 'unk_percent': '0.008%'},
 'zh': {'chars/tok': '1.06', 'tok/sent': '36.23', 'tokens': 346180, 'unk_percent': '0.075%'}}
====================================================================================================
====================================================================================================
[2026-10-05 11:26:49.870040] Training CharLevelBPE_11000 Tokenizer...




[2026-10-05 11:26:57.024847] Success!! Analysis of CharLevelBPE_11000 tokenizer on the validation split:
Vocabulary size:  11000
{'en': {'chars/tok': '2.49', 'tok/sent': '32.64', 'tokens': 148190, 'unk_percent': '0.033%'},
 'tr': {'chars/tok': '2.43', 'tok/sent': '40.56', 'tokens': 151509, 'unk_percent': '0.010%'},
 'zh': {'chars/tok': '1.13', 'tok/sent': '33.99', 'tokens': 324749, 'unk_percent': '0.079%'}}
====================================================================================================
====================================================================================================
[2026-10-05 11:26:57.025054] Training CharLevelBPE_12000 Tokenizer...




[2026-10-05 11:27:04.972844] Success!! Analysis of CharLevelBPE_12000 tokenizer on the validation split:
Vocabulary size:  12000
{'en': {'chars/tok': '2.71', 'tok/sent': '29.96', 'tokens': 136028, 'unk_percent': '0.036%'},
 'tr': {'chars/tok': '2.68', 'tok/sent': '36.86', 'tokens': 137672, 'unk_percent': '0.011%'},
 'zh': {'chars/tok': '1.18', 'tok/sent': '32.64', 'tokens': 311836, 'unk_percent': '0.083%'}}
====================================================================================================
====================================================================================================
[2026-10-05 11:27:04.973080] Training CharLevelBPE_15000 Tokenizer...




[2026-10-05 11:27:14.821960] Success!! Analysis of CharLevelBPE_15000 tokenizer on the validation split:
Vocabulary size:  15000
{'en': {'chars/tok': '3.07', 'tok/sent': '26.39', 'tokens': 119820, 'unk_percent': '0.041%'},
 'tr': {'chars/tok': '3.08', 'tok/sent': '32.07', 'tokens': 119769, 'unk_percent': '0.013%'},
 'zh': {'chars/tok': '1.28', 'tok/sent': '30.10', 'tokens': 287599, 'unk_percent': '0.090%'}}
====================================================================================================
====================================================================================================
[2026-10-05 11:27:14.822188] Training CharLevelBPE_20000 Tokenizer...




[2026-10-05 11:27:27.149343] Success!! Analysis of CharLevelBPE_20000 tokenizer on the validation split:
Vocabulary size:  20000
{'en': {'chars/tok': '3.42', 'tok/sent': '23.75', 'tokens': 107829, 'unk_percent': '0.045%'},
 'tr': {'chars/tok': '3.47', 'tok/sent': '28.40', 'tokens': 106090, 'unk_percent': '0.014%'},
 'zh': {'chars/tok': '1.38', 'tok/sent': '27.99', 'tokens': 267425, 'unk_percent': '0.096%'}}
====================================================================================================

[2026-10-05 11:27:27.155438] Tokenizer training completed!!
~Running examine_tokenizers.py script...
  File "/home/gusbaranj@GU.GU.SE/MachineLearning/Advanced_ML_A1/multilingual-tokenization-and-language-modeling/src/examine_tokenizers.py", line 16
    toks = {n: load_vocabulary(n) for n in MODELS[] if n != "Character-Level"}
                                                  ^
SyntaxError: invalid syntax
    |    |
    |    |
Part 2. Language modeling
    |    |
    |    |
<!>    train_lm.py skipped.    <!>
<!>    evaluate_lm.py skipped.    <!>
<!>    train_lm.py skipped.    <!>
<!>    evaluate_lm.py skipped.    <!>
<!>    train_lm.py skipped.    <!>
<!>    evaluate_lm.py skipped.    <!>
    |    |
    |    |
Part 3. Plotting
    |    |
    |    |
<!>    plot_lm.py skipped.    <!>
    |    |
    |    |
Part 4. Saving
    |    |
    |    |
~Running save_latest.py script...
