====================================================================================================
    |    |
    |    |
    |    |
Multilingual Tokenization and Language Modeling
    |    |
    |    |
    |    |
====================================================================================================
    |    |
    |    |
Part 1. Tokenizers
    |    |
    |    |
~Running tokenizer.py script...
====================================================================================================
[2026-10-04 23:39:13.935098] Training Character-Level Tokenizer...
Building character-level vocabulary:   0%|          | 0/142345 [00:00<?, ?it/s]Building character-level vocabulary:  10%|▉         | 13725/142345 [00:00<00:00, 137238.68it/s]Building character-level vocabulary:  19%|█▉        | 27449/142345 [00:00<00:00, 137095.14it/s]Building character-level vocabulary:  29%|██▉       | 41159/142345 [00:00<00:00, 131566.47it/s]Building character-level vocabulary:  38%|███▊      | 54341/142345 [00:00<00:00, 120673.67it/s]Building character-level vocabulary:  47%|████▋     | 66527/142345 [00:00<00:00, 115720.76it/s]Building character-level vocabulary:  57%|█████▋    | 80524/142345 [00:00<00:00, 123331.17it/s]Building character-level vocabulary:  66%|██████▌   | 93330/142345 [00:00<00:00, 124784.53it/s]Building character-level vocabulary:  75%|███████▍  | 106500/142345 [00:00<00:00, 126902.01it/s]Building character-level vocabulary:  84%|████████▍ | 119625/142345 [00:00<00:00, 128225.45it/s]Building character-level vocabulary:  93%|█████████▎| 133091/142345 [00:01<00:00, 130173.68it/s]Building character-level vocabulary: 100%|██████████| 142345/142345 [00:01<00:00, 127396.61it/s]

[2026-10-04 23:39:15.253903] Success!! Analysis of Character-Level tokenizer on the validation split:
Vocabulary size:  9446
{'en': {'chars/tok': '1.00', 'tok/sent': '81.12', 'tokens': 368269, 'unk_percent': '0.013%'},
 'tr': {'chars/tok': '1.00', 'tok/sent': '98.63', 'tokens': 368383, 'unk_percent': '0.004%'},
 'zh': {'chars/tok': '1.00', 'tok/sent': '38.55', 'tokens': 368266, 'unk_percent': '0.070%'}}
====================================================================================================
====================================================================================================
[2026-10-04 23:39:15.254386] Training ByteLevelBPE_10000 Tokenizer...




[2026-10-04 23:39:32.068770] Success!! Analysis of ByteLevelBPE_10000 tokenizer on the validation split:
Vocabulary size:  10000
{'en': {'chars/tok': '3.21', 'tok/sent': '25.27', 'tokens': 114717, 'unk_percent': '0.000%'},
 'tr': {'chars/tok': '3.22', 'tok/sent': '30.60', 'tokens': 114292, 'unk_percent': '0.000%'},
 'zh': {'chars/tok': '1.25', 'tok/sent': '30.84', 'tokens': 294671, 'unk_percent': '0.000%'}}
====================================================================================================
====================================================================================================
[2026-10-04 23:39:32.069165] Training CharLevelBPE_20000 Tokenizer...




[2026-10-04 23:39:44.548906] Success!! Analysis of CharLevelBPE_20000 tokenizer on the validation split:
Vocabulary size:  20000
{'en': {'chars/tok': '3.42', 'tok/sent': '23.75', 'tokens': 107829, 'unk_percent': '0.045%'},
 'tr': {'chars/tok': '3.47', 'tok/sent': '28.40', 'tokens': 106090, 'unk_percent': '0.014%'},
 'zh': {'chars/tok': '1.38', 'tok/sent': '27.99', 'tokens': 267425, 'unk_percent': '0.096%'}}
====================================================================================================

[2026-10-04 23:39:44.552724] Tokenizer training completed!!
<!>    examine_tokenizers.py skipped.    <!>
    |    |
    |    |
Part 2. Language modeling
    |    |
    |    |
~Running train_lm.py script...
====================================================================================================
[2026-10-04 23:39:48.351840] Loading 'Character-Level' tokenizer and building blocks...
    vocab_size=9446, train blocks=35637, valid blocks=4455, device=cuda
    Parameters: {'total': 6481920, 'input_embeddings': 2418176, 'output_layer': 2418176, 'positional': 65536, 'other': 1580032}

[2026-10-04 23:39:53.037013] Training Transformer language model...
1 Epoch | Step 1113 | Train Loss 3.820 | Valid Loss 3.110 | BPC approx: 4.631 | Train Time: 73s
2 Epoch | Step 2226 | Train Loss 3.024 | Valid Loss 2.837 | BPC approx: 4.224 | Train Time: 76s
3 Epoch | Step 3339 | Train Loss 2.854 | Valid Loss 2.732 | BPC approx: 4.068 | Train Time: 76s
4 Epoch | Step 4452 | Train Loss 2.763 | Valid Loss 2.670 | BPC approx: 3.975 | Train Time: 76s
5 Epoch | Step 5565 | Train Loss 2.700 | Valid Loss 2.629 | BPC approx: 3.915 | Train Time: 76s
6 Epoch | Step 6678 | Train Loss 2.655 | Valid Loss 2.602 | BPC approx: 3.874 | Train Time: 76s
7 Epoch | Step 7791 | Train Loss 2.621 | Valid Loss 2.582 | BPC approx: 3.845 | Train Time: 76s
8 Epoch | Step 8904 | Train Loss 2.597 | Valid Loss 2.571 | BPC approx: 3.829 | Train Time: 76s
9 Epoch | Step 10017 | Train Loss 2.582 | Valid Loss 2.567 | BPC approx: 3.822 | Train Time: 76s
10 Epoch | Step 11130 | Train Loss 2.575 | Valid Loss 2.566 | BPC approx: 3.821 | Train Time: 76s

[2026-10-04 23:52:35.403399] Training succesful!!
====================================================================================================
~Running evaluate_lm.py script...
====================================================================================================
[2026-10-04 23:52:39.459396] Loading trained model...

[2026-10-04 23:52:40.091997] Evaluating 'Character-Level' model on the 'valid' split...
    all: Loss: 2.566 | Perplexity: 13.016 | BPC approx: 3.821
     en: Loss: 1.621 | Perplexity: 5.058 | BPC approx: 2.396
     tr: Loss: 1.646 | Perplexity: 5.185 | BPC approx: 2.422
     zh: Loss: 4.385 | Perplexity: 80.219 | BPC approx: 6.653

[2026-10-04 23:52:49.885016] Evaluation completed!!
====================================================================================================
~Running train_lm.py script...
====================================================================================================
[2026-10-04 23:52:53.683334] Loading 'ByteLevelBPE_10000' tokenizer and building blocks...
    vocab_size=10000, train blocks=17376, valid blocks=2184, device=cuda
    Parameters: {'total': 6765568, 'input_embeddings': 2560000, 'output_layer': 2560000, 'positional': 65536, 'other': 1580032}

[2026-10-04 23:52:58.020262] Training Transformer language model...
1 Epoch | Step 543 | Train Loss 7.124 | Valid Loss 6.056 | BPC approx: 4.421 | Train Time: 39s
2 Epoch | Step 1086 | Train Loss 5.796 | Valid Loss 5.517 | BPC approx: 4.028 | Train Time: 37s
3 Epoch | Step 1629 | Train Loss 5.419 | Valid Loss 5.334 | BPC approx: 3.894 | Train Time: 38s
4 Epoch | Step 2172 | Train Loss 5.229 | Valid Loss 5.234 | BPC approx: 3.821 | Train Time: 38s
5 Epoch | Step 2715 | Train Loss 5.106 | Valid Loss 5.172 | BPC approx: 3.776 | Train Time: 38s
6 Epoch | Step 3258 | Train Loss 5.016 | Valid Loss 5.133 | BPC approx: 3.747 | Train Time: 38s
7 Epoch | Step 3801 | Train Loss 4.951 | Valid Loss 5.110 | BPC approx: 3.731 | Train Time: 38s
8 Epoch | Step 4344 | Train Loss 4.903 | Valid Loss 5.096 | BPC approx: 3.720 | Train Time: 38s
9 Epoch | Step 4887 | Train Loss 4.873 | Valid Loss 5.092 | BPC approx: 3.717 | Train Time: 38s
10 Epoch | Step 5430 | Train Loss 4.858 | Valid Loss 5.092 | BPC approx: 3.717 | Train Time: 38s

[2026-10-04 23:59:19.855851] Training succesful!!
====================================================================================================
~Running evaluate_lm.py script...
====================================================================================================
[2026-10-04 23:59:24.027796] Loading trained model...

[2026-10-04 23:59:24.670630] Evaluating 'ByteLevelBPE_10000' model on the 'valid' split...
    all: Loss: 5.092 | Perplexity: 162.647 | BPC approx: 3.717
     en: Loss: 4.457 | Perplexity: 86.201 | BPC approx: 2.159
     tr: Loss: 4.691 | Perplexity: 109.002 | BPC approx: 2.234
     zh: Loss: 5.498 | Perplexity: 244.273 | BPC approx: 6.755

[2026-10-04 23:59:31.384897] Evaluation completed!!
====================================================================================================
~Running train_lm.py script...
====================================================================================================
[2026-10-04 23:59:35.232434] Loading 'CharLevelBPE_20000' tokenizer and building blocks...
    vocab_size=20000, train blocks=16054, valid blocks=2019, device=cuda
    Parameters: {'total': 11885568, 'input_embeddings': 5120000, 'output_layer': 5120000, 'positional': 65536, 'other': 1580032}

[2026-10-04 23:59:38.859983] Training Transformer language model...
1 Epoch | Step 501 | Train Loss 7.672 | Valid Loss 6.683 | BPC approx: 4.510 | Train Time: 55s
2 Epoch | Step 1002 | Train Loss 6.354 | Valid Loss 6.051 | BPC approx: 4.083 | Train Time: 54s
3 Epoch | Step 1503 | Train Loss 5.864 | Valid Loss 5.807 | BPC approx: 3.919 | Train Time: 54s
4 Epoch | Step 2004 | Train Loss 5.602 | Valid Loss 5.689 | BPC approx: 3.839 | Train Time: 54s
5 Epoch | Step 2505 | Train Loss 5.433 | Valid Loss 5.624 | BPC approx: 3.796 | Train Time: 54s
6 Epoch | Step 3006 | Train Loss 5.314 | Valid Loss 5.590 | BPC approx: 3.772 | Train Time: 54s
7 Epoch | Step 3507 | Train Loss 5.227 | Valid Loss 5.569 | BPC approx: 3.759 | Train Time: 54s
8 Epoch | Step 4008 | Train Loss 5.165 | Valid Loss 5.560 | BPC approx: 3.752 | Train Time: 54s
9 Epoch | Step 4509 | Train Loss 5.125 | Valid Loss 5.556 | BPC approx: 3.750 | Train Time: 54s
10 Epoch | Step 5010 | Train Loss 5.106 | Valid Loss 5.556 | BPC approx: 3.749 | Train Time: 54s

[2026-10-05 00:08:42.484492] Training succesful!!
====================================================================================================
~Running evaluate_lm.py script...
====================================================================================================
[2026-10-05 00:08:46.716375] Loading trained model...

[2026-10-05 00:08:47.704130] Evaluating 'CharLevelBPE_20000' model on the 'valid' split...
    all: Loss: 5.556 | Perplexity: 258.749 | BPC approx: 3.749
     en: Loss: 4.751 | Perplexity: 115.642 | BPC approx: 2.172
     tr: Loss: 5.066 | Perplexity: 158.547 | BPC approx: 2.250
     zh: Loss: 6.082 | Perplexity: 437.955 | BPC approx: 6.826

[2026-10-05 00:08:55.817451] Evaluation completed!!
====================================================================================================
    |    |
    |    |
Part 3. Plotting
    |    |
    |    |
~Running plot_lm.py script...
[2026-10-05 00:09:00.122213] Generating plots for 'valid' split...
Plots saved to /home/gusbaranj@GU.GU.SE/MachineLearning/Advanced_ML_A1/multilingual-tokenization-and-language-modeling/data/logs/plots
    |    |
    |    |
Part 4. Saving
    |    |
    |    |
~Running save_latest.py script...
